0) Мат и лишние символы в пользовательском интерфейсе
1) Название функции не отображает ее смысл
2) Название параметров функции не помогает разобраться в коде
3) Документация функции не разъясняет ее смысл
4) Документация записывается двойными скобками, а не одинарными
5) Первый try не имеет смысла, код в блоке except никогда не выполняется
6) Попытка деление на знак оператора (100% исключение при делении)
6) Между функциями положено 2 строки отступа
7) Вложенные try/catch, ловящие одну ошибку
8) Пустые решетки
9) Название переменных не отображает их значение
10) Одна из переменных "c" написана транслитом
11) Случайные отступы между операторами
12) Множественный except, одновременно стоит ловить лишь конкретные ошибки
13) Нет обработки деления на 0
14) Нет многих элементарных действий
15) Нет поддержки вещественных чисел
16) Нет поддержки ввода комплексных чисел (Желательно бы добавить, но не критично)
17) Действия в функции не отсортированы по порядку (+, обратное+ (-), *, обратное* (/), др...)
18) В комментариях к вводу нет ифнормации, какие действия вообще предусмотрены программой
19) Нет базового случая в выборе оператора (Не напишет "Вы не выбрали действие")
